This file contains any messages produced by compilers while
running configure, to aid debugging if configure makes a mistake.

It was created by configure, which was
generated by GNU Autoconf 2.52.20221009.  Invocation command line was

  $ ./configure --prefix=/home/lwz/Workspace/SDK2/sdk_2/third_party/ncurses-6.4/../lib/install-arm64 --host=aarch64-linux-gnu --with-shared --with-termlib --enable-widec --enable-pc-files CC=aarch64-linux-gnu-gcc CXX=aarch64-linux-gnu-g++

## ---------- ##
## Platform.  ##
## ---------- ##

hostname = msi
uname -m = x86_64
uname -r = 6.17.0-14-generic
uname -s = Linux
uname -v = #14~24.04.1-Ubuntu SMP PREEMPT_DYNAMIC Thu Jan 15 15:52:10 UTC 2

/usr/bin/uname -p = x86_64
/bin/uname -X     = unknown

/bin/arch              = x86_64
/usr/bin/arch -k       = unknown
/usr/convex/getsysinfo = unknown
hostinfo               = unknown
/bin/machine           = unknown
/usr/bin/oslevel       = unknown
/bin/universe          = unknown

PATH = /opt/ros/jazzy/bin:/home/lwz/miniconda3/bin:/home/lwz/miniconda3/condabin:/usr/local/sbin:/usr/local/bin:/usr/sbin:/usr/bin:/sbin:/bin:/usr/games:/usr/local/games:/snap/bin:/snap/bin:/home/lwz/.platformio/penv/bin

## ------------ ##
## Core tests.  ##
## ------------ ##

configure:1171: PATH=".;."; conftest.sh
./configure: 1172: conftest.sh: not found
configure:1174: $? = 127
configure:1191: checking for ggrep
configure:1217: result: no
configure:1191: checking for grep
configure:1206: found /usr/bin/grep
configure:1214: result: grep
configure:1225: checking for egrep
configure:1281: result: grep -E
configure:1291: result: Configuring NCURSES 6.4 ABI 6 (Tue Mar  3 14:48:12 CST 2026)
configure:1295: checking for package version
configure:1316: result: 6.4
configure:1319: checking for package patch date
configure:1336: result: 20221231
configure:1347: testing ABI VERSION 5:0:10 ...
configure:1351: testing VERSION_MAJOR 6 ...
configure:1355: testing VERSION_MINOR 4 ...
configure:1359: testing VERSION_PATCH 20221231 ...
configure:1501: checking build system type
configure:1519: result: x86_64-pc-linux-gnu
configure:1526: checking host system type
configure:1540: result: aarch64-unknown-linux-gnu
configure:1548: checking target system type
configure:1562: result: aarch64-unknown-linux-gnu
configure:1594: result: Configuring for linux-gnu
configure:1619: checking for fgrep
configure:1675: result: grep -F
configure:1679: checking for prefix
configure:1691: result: /home/lwz/Workspace/SDK2/sdk_2/third_party/ncurses-6.4/../lib/install-arm64
configure:1798: checking for aarch64-linux-gnu-gnatgcc
configure:1821: result: aarch64-linux-gnu-gcc
configure:1878: checking for C compiler version
configure:1881: aarch64-linux-gnu-gcc --version </dev/null >&5
./configure: 1: eval: aarch64-linux-gnu-gcc: not found
configure:1884: $? = 127
configure:1886: aarch64-linux-gnu-gcc -v </dev/null >&5
./configure: 1: eval: aarch64-linux-gnu-gcc: not found
configure:1889: $? = 127
configure:1891: aarch64-linux-gnu-gcc -V </dev/null >&5
./configure: 1: eval: aarch64-linux-gnu-gcc: not found
configure:1894: $? = 127
configure:1914: checking for C compiler default output
configure:1917: aarch64-linux-gnu-gcc    conftest.c  >&5
./configure: 1: eval: aarch64-linux-gnu-gcc: not found
configure:1920: $? = 127
configure: failed program was:
#line 1898 "configure"
#include "confdefs.h"

int
main (void)
{

  ;
  return 0;
}
configure:1943: error: C compiler cannot create executables

## ----------------- ##
## Cache variables.  ##
## ----------------- ##

ac_cv_build='x86_64-pc-linux-gnu'
ac_cv_build_alias='x86_64-pc-linux-gnu'
ac_cv_env_CC_set='set'
ac_cv_env_CC_value='aarch64-linux-gnu-gcc'
ac_cv_env_CFLAGS_set=''
ac_cv_env_CFLAGS_value=''
ac_cv_env_CPPFLAGS_set=''
ac_cv_env_CPPFLAGS_value=''
ac_cv_env_CPP_set=''
ac_cv_env_CPP_value=''
ac_cv_env_CXXCPP_set=''
ac_cv_env_CXXCPP_value=''
ac_cv_env_CXXFLAGS_set=''
ac_cv_env_CXXFLAGS_value=''
ac_cv_env_CXX_set='set'
ac_cv_env_CXX_value='aarch64-linux-gnu-g++'
ac_cv_env_LDFLAGS_set=''
ac_cv_env_LDFLAGS_value=''
ac_cv_env_build_alias_set=''
ac_cv_env_build_alias_value=''
ac_cv_env_host_alias_set='set'
ac_cv_env_host_alias_value='aarch64-linux-gnu'
ac_cv_env_target_alias_set=''
ac_cv_env_target_alias_value=''
ac_cv_host='aarch64-unknown-linux-gnu'
ac_cv_host_alias='aarch64-linux-gnu'
ac_cv_path_EGREP='grep -E'
ac_cv_path_FGREP='grep -F'
ac_cv_prog_CC='aarch64-linux-gnu-gcc'
ac_cv_prog_GREP='grep'
ac_cv_target='aarch64-unknown-linux-gnu'
ac_cv_target_alias='aarch64-linux-gnu'
cf_cv_abi_version='6'
cf_cv_rel_version='6.4'
cf_cv_system_name='linux-gnu'
cf_cv_timestamp='Tue Mar  3 14:48:12 CST 2026'

## ------------ ##
## confdefs.h.  ##
## ------------ ##

#define PACKAGE "ncurses"
#define NCURSES_VERSION "6.4"
#define NCURSES_PATCHDATE 20221231
#define SYSTEM_NAME "linux-gnu"


configure: exit 77
